// Jest Snapshot v1, https://goo.gl/fbAQLP

exports[`test Input with label component snapshot testing 1`] = `
<div>
  <input
    type="text"
    value="India"
  />
  
</div>
`